// Jest Snapshot v1, https://goo.gl/fbAQLP

exports[`The SnapShotComponent renders correctly 1`] = `
Array [
  <h1>
    This a component which we do not want to be modified
  </h1>,
  <span>
    According to the previus statement  we will create a SNAPSHOT TEST to avoid changes
  </span>,
  <hr />,
  <a
    aria-current="page"
    className="active"
    href="/"
    onClick={[Function]}
  >
    Home
  </a>,
]
`;
